../Core/Src/main.c:77:5:main	16	static
../Core/Src/main.c:131:6:SystemClock_Config	88	static
../Core/Src/main.c:173:13:MX_I2C1_Init	8	static
../Core/Src/main.c:207:13:MX_USART1_UART_Init	8	static
../Core/Src/main.c:240:13:MX_GPIO_Init	40	static
../Core/Src/main.c:265:6:sendUARTData	32	static
../Core/Src/main.c:270:7:readTemperature	32	static
../Core/Src/main.c:284:7:readHumidity	32	static
../Core/Src/main.c:298:6:sendSerialWordsAsFloat	24	static
../Core/Src/main.c:317:6:Error_Handler	4	static,ignoring_inline_asm
